 BET  SZ   hdist:     245.9   amp:        6668.0 T:   0.7   ml =   4.9
 BRR  HZ   hdist:     391.6   amp:         714.9 T:   0.4   ml =   4.3
 CHI  HZ   hdist:     283.0   amp:        2334.5 T:   0.6   ml =   4.5
 CRU  SZ   hdist:     364.3   amp:        3913.5 T:   0.8   ml =   5.0
 FLO2 BZ   hdist:     356.5   amp:        1533.6 T:   0.7   ml =   4.6
 HEL  BZ   hdist:     199.5   amp:        4666.8 T:   0.8   ml =   4.5
 MAL  SZ   hdist:     169.9   amp:       23519.1 T:   0.6   ml =   5.1
 PCON BZ   hdist:     273.5   amp:        6557.6 T:   0.6   ml =   4.9
 PRA  HZ   hdist:     195.8   amp:        8957.1 T:   0.8   ml =   4.8
 RREF BZ   hdist:     125.2   amp:       16745.7 T:   0.6   ml =   4.8
 SOL  SZ   hdist:     233.7   amp:        1841.9 T:   0.5   ml =   4.3
 TUM  HZ   hdist:     431.8   amp:        1414.8 T:   0.6   ml =   4.7
