 Date    Origin    Lat      Long      Depth    Mag No Gap Dmin  Rms  Erh  Erz  Erx      Cvxy      Cvxz      Cvyz     Oterr
 91102 1218 51.84  4 40.73 -76-10.40   81.6    4.0 57  58 88.0 0.93  5.3 10.3  4.3-0.475E+01 0.191E+02 0.321E+01 0.169E+01
